// Jest Snapshot v1, https://goo.gl/fbAQLP

exports[`Recommendations matches snapshot 1`] = `
<div>
  <div>
    <h3
      class="rr-text"
    >
      Other artists
    </h3>
    <div
      class="overflow-auto w-full"
    >
      <p
        class="rr-text"
      >
        There are no recommended artists for you :(
      </p>
    </div>
  </div>
</div>
`;
