// Jest Snapshot v1, https://goo.gl/fbAQLP

exports[`Search should handle the search action of the user 1`] = `
<div>
  <div
    class="relative flex lg:justify-center items-center h-20 md:h-48 border-b-2 rr-border w-full"
  >
    <form
      class="flex justify-between md:justify-center items-stretch h-10 w-full"
      novalidate=""
    >
      <input
        class="mr-4 px-2 min-m-lg border-b-2 rr-border dark:bg-slate-800 rr-text w-full"
        name="search"
        placeholder="Here goes the artist..."
        type="text"
      />
      <button
        class="btn flex btn-large"
        type="submit"
      >
        Search
      </button>
    </form>
  </div>
</div>
`;
