// Jest Snapshot v1, https://goo.gl/fbAQLP

exports[`Home renders a heading 1`] = `
<div>
  <div
    class="container max-auto"
  >
    <div
      class="sm:border-x-2 rr-border flex flex-col h-screen"
    >
      <header
        class="flex justify-between basis-14 rr-border border-b-2"
      >
        <button
          class="m-3"
          data-testid="moon"
        >
          <svg
            class="h-6 w-6"
            color="var(--geist-foreground)"
            fill="none"
            height="28"
            shape-rendering="geometricPrecision"
            stroke="currentColor"
            stroke-linecap="round"
            stroke-linejoin="round"
            stroke-width="1.5"
            viewBox="0 0 24 24"
            width="28"
            xmlns="http://www.w3.org/2000/svg"
          >
            <path
              d="M21 12.79A9 9 0 1111.21 3 7 7 0 0021 12.79z"
            />
          </svg>
        </button>
      </header>
      <main
        class="flex-1 flex flex-col items-center w-full p-3 h-24"
      >
        <div
          class="flex flex-col items-center w-full lg:w-9/12"
        >
          <div
            class="flex flex-col items-center justify-center lg:w-1/2"
          >
            <h2
              class="rr-text text-4xl mb-3"
            >
              Welcome to Release Raccoon!
            </h2>
            <p
              class="rr-text text-xl mb-3"
            >
              Receive your favorite artists' music in your email every week!
            </p>
            <a
              href="/api/auth/login"
            >
              <button
                class="btn btn-large lg:ml-8 my-8 w-44 h-14"
              >
                Register
              </button>
            </a>
          </div>
        </div>
      </main>
      <footer
        class="flex items-center justify-center basis-16 border-t-2 rr-border"
      >
        <a
          class="flex items-center rr-text"
          href="https://github.com/jaivalis/release-raccoon"
          rel="noopener noreferrer"
          target="_blank"
        >
          Powered by  
          <div
            class="mx-2"
          >
            <img
              alt="Github Logo"
              data-nimg="1"
              decoding="async"
              height="32"
              loading="lazy"
              src="/_next/image?url=%2FGitHub-Mark-32px.png&w=64&q=75"
              srcset="/_next/image?url=%2FGitHub-Mark-32px.png&w=32&q=75 1x, /_next/image?url=%2FGitHub-Mark-32px.png&w=64&q=75 2x"
              style="color: transparent;"
              width="32"
            />
          </div>
        </a>
      </footer>
    </div>
  </div>
</div>
`;
