// Jest Snapshot v1, https://goo.gl/fbAQLP

exports[`Home renders a heading 1`] = `
<div>
  <div
    class="container max-auto"
  >
    <div
      class="sm:border-x-2 rr-border"
    >
      <header
        class="flex justify-between h-14 rr-border border-b-2"
      >
        <button
          class="m-3"
          data-testid="moon"
        >
          <svg
            class="h-6 w-6"
            color="var(--geist-foreground)"
            fill="none"
            height="28"
            shape-rendering="geometricPrecision"
            stroke="currentColor"
            stroke-linecap="round"
            stroke-linejoin="round"
            stroke-width="1.5"
            viewBox="0 0 24 24"
            width="28"
            xmlns="http://www.w3.org/2000/svg"
          >
            <path
              d="M21 12.79A9 9 0 1111.21 3 7 7 0 0021 12.79z"
            />
          </svg>
        </button>
      </header>
      <div>
        invalid json response body at  reason: Unexpected end of JSON input
      </div>
      <footer
        class="flex items-center justify-center border-t-2 rr-border h-20"
      >
        <a
          class="flex items-center rr-text"
          href="https://github.com/jaivalis/release-raccoon"
          rel="noopener noreferrer"
          target="_blank"
        >
          Powered by  
          <div
            class="mx-2"
          >
            <span
              style="box-sizing: border-box; display: inline-block; overflow: hidden; background: none; opacity: 1; border: 0px; margin: 0px; padding: 0px; position: relative; max-width: 100%;"
            >
              <span
                style="box-sizing: border-box; display: block; background: none; opacity: 1; border: 0px; margin: 0px; padding: 0px; max-width: 100%;"
              >
                <img
                  alt=""
                  aria-hidden="true"
                  src="data:image/svg+xml,%3csvg%20xmlns=%27http://www.w3.org/2000/svg%27%20version=%271.1%27%20width=%2732%27%20height=%2732%27/%3e"
                  style="display: block; max-width: 100%; background: none; opacity: 1; border: 0px; margin: 0px; padding: 0px;"
                />
              </span>
              <img
                alt="Github Logo"
                data-nimg="intrinsic"
                decoding="async"
                src="/_next/image?url=%2FGitHub-Mark-32px.png&w=64&q=75"
                srcset="/_next/image?url=%2FGitHub-Mark-32px.png&w=32&q=75 1x, /_next/image?url=%2FGitHub-Mark-32px.png&w=64&q=75 2x"
                style="position: absolute; top: 0px; left: 0px; bottom: 0px; right: 0px; box-sizing: border-box; padding: 0px; margin: auto; display: block; width: 0px; height: 0px; min-width: 100%; max-width: 100%; min-height: 100%; max-height: 100%;"
              />
              <noscript />
            </span>
          </div>
        </a>
      </footer>
    </div>
  </div>
</div>
`;
