// Jest Snapshot v1, https://goo.gl/fbAQLP

exports[`Footer renders with data 1`] = `
<div>
  <footer
    class="flex items-center justify-center basis-16 border-t-2 rr-border"
  >
    <a
      class="flex items-center rr-text"
      href="https://github.com/jaivalis/release-raccoon"
      rel="noopener noreferrer"
      target="_blank"
    >
      Powered by
      <div
        class="mx-2"
      >
        <img
          alt="Github Logo"
          data-nimg="1"
          decoding="async"
          height="32"
          loading="lazy"
          src="/_next/image?url=%2FGitHub-Mark-Light-32px.png&w=64&q=75"
          srcset="/_next/image?url=%2FGitHub-Mark-Light-32px.png&w=32&q=75 1x, /_next/image?url=%2FGitHub-Mark-Light-32px.png&w=64&q=75 2x"
          style="color: transparent;"
          width="32"
        />
      </div>
    </a>
  </footer>
</div>
`;
