// Jest Snapshot v1, https://goo.gl/fbAQLP

exports[`Recommendations matches snapshot 1`] = `
<div>
  <div
    class="flex flex-col lg:justify-center items-center mb-2 w-full"
  >
    <h3
      class="h3"
    >
      Others follow
    </h3>
    <div
      class="overflow-auto w-full flex-auto h-64"
    >
      <p
        class="rr-text flex justify-center"
      >
        There are no recommended artists for you :(
      </p>
    </div>
  </div>
</div>
`;
